2025-12-15 01:55:55,515 - matplotlib.animation - INFO - Animation.save using <class 'matplotlib.animation.PillowWriter'>
2025-12-15 02:02:46,559 - matplotlib.animation - INFO - Animation.save using <class 'matplotlib.animation.PillowWriter'>
2025-12-15 02:07:20,183 - matplotlib.animation - INFO - Animation.save using <class 'matplotlib.animation.PillowWriter'>
2025-12-15 02:13:12,231 - matplotlib.animation - INFO - Animation.save using <class 'matplotlib.animation.PillowWriter'>
2025-12-15 02:18:05,266 - matplotlib.animation - INFO - Animation.save using <class 'matplotlib.animation.PillowWriter'>
2025-12-15 02:23:04,850 - matplotlib.animation - INFO - Animation.save using <class 'matplotlib.animation.PillowWriter'>
2025-12-15 02:30:16,379 - matplotlib.animation - INFO - Animation.save using <class 'matplotlib.animation.PillowWriter'>
2025-12-15 02:34:47,393 - matplotlib.animation - INFO - Animation.save using <class 'matplotlib.animation.PillowWriter'>
2025-12-15 02:39:39,920 - matplotlib.animation - INFO - Animation.save using <class 'matplotlib.animation.PillowWriter'>
2025-12-15 02:46:53,045 - matplotlib.animation - INFO - Animation.save using <class 'matplotlib.animation.PillowWriter'>
2025-12-15 03:21:07,614 - matplotlib.animation - INFO - Animation.save using <class 'matplotlib.animation.PillowWriter'>
2025-12-15 03:21:59,314 - matplotlib.animation - INFO - Animation.save using <class 'matplotlib.animation.PillowWriter'>
2025-12-15 03:22:56,101 - matplotlib.animation - INFO - Animation.save using <class 'matplotlib.animation.PillowWriter'>
2025-12-15 03:24:03,635 - matplotlib.animation - INFO - Animation.save using <class 'matplotlib.animation.PillowWriter'>
2025-12-15 03:25:16,792 - matplotlib.animation - INFO - Animation.save using <class 'matplotlib.animation.PillowWriter'>
2025-12-15 03:26:07,718 - matplotlib.animation - INFO - Animation.save using <class 'matplotlib.animation.PillowWriter'>
2025-12-15 03:27:12,372 - matplotlib.animation - INFO - Animation.save using <class 'matplotlib.animation.PillowWriter'>
2025-12-15 03:28:15,520 - matplotlib.animation - INFO - Animation.save using <class 'matplotlib.animation.PillowWriter'>
2025-12-15 03:29:16,155 - matplotlib.animation - INFO - Animation.save using <class 'matplotlib.animation.PillowWriter'>
2025-12-15 03:30:42,791 - matplotlib.animation - INFO - Animation.save using <class 'matplotlib.animation.PillowWriter'>
2025-12-15 03:31:57,938 - matplotlib.animation - INFO - Animation.save using <class 'matplotlib.animation.PillowWriter'>
2025-12-15 03:33:23,671 - matplotlib.animation - INFO - Animation.save using <class 'matplotlib.animation.PillowWriter'>
2025-12-15 03:34:59,746 - matplotlib.animation - INFO - Animation.save using <class 'matplotlib.animation.PillowWriter'>
2025-12-15 03:36:42,619 - matplotlib.animation - INFO - Animation.save using <class 'matplotlib.animation.PillowWriter'>
2025-12-15 03:37:55,731 - matplotlib.animation - INFO - Animation.save using <class 'matplotlib.animation.PillowWriter'>
2025-12-15 03:39:04,093 - matplotlib.animation - INFO - Animation.save using <class 'matplotlib.animation.PillowWriter'>
2025-12-15 03:40:10,710 - matplotlib.animation - INFO - Animation.save using <class 'matplotlib.animation.PillowWriter'>
2025-12-15 03:41:23,732 - matplotlib.animation - INFO - Animation.save using <class 'matplotlib.animation.PillowWriter'>
2025-12-15 03:43:03,906 - matplotlib.animation - INFO - Animation.save using <class 'matplotlib.animation.PillowWriter'>
2025-12-15 03:44:28,766 - matplotlib.animation - INFO - Animation.save using <class 'matplotlib.animation.PillowWriter'>
2025-12-15 03:46:47,305 - matplotlib.animation - INFO - Animation.save using <class 'matplotlib.animation.PillowWriter'>
2025-12-15 03:49:54,332 - jax._src.xla_bridge - INFO - Unable to initialize backend 'tpu': INTERNAL: Failed to open libtpu.so: libtpu.so: cannot open shared object file: No such file or directory
2025-12-15 03:50:22,445 - matplotlib.animation - INFO - Animation.save using <class 'matplotlib.animation.HTMLWriter'>
2025-12-15 04:28:37,668 - matplotlib.animation - INFO - Animation.save using <class 'matplotlib.animation.PillowWriter'>
2025-12-15 04:46:46,381 - matplotlib.animation - INFO - Animation.save using <class 'matplotlib.animation.PillowWriter'>
2025-12-15 05:12:25,788 - matplotlib.animation - INFO - Animation.save using <class 'matplotlib.animation.PillowWriter'>
2025-12-15 05:37:41,867 - matplotlib.animation - INFO - Animation.save using <class 'matplotlib.animation.PillowWriter'>
2025-12-15 05:52:15,385 - matplotlib.animation - INFO - Animation.save using <class 'matplotlib.animation.PillowWriter'>
2025-12-15 06:07:02,790 - matplotlib.animation - INFO - Animation.save using <class 'matplotlib.animation.PillowWriter'>
2025-12-15 06:30:41,885 - matplotlib.animation - INFO - Animation.save using <class 'matplotlib.animation.PillowWriter'>
2025-12-15 06:45:26,012 - matplotlib.animation - INFO - Animation.save using <class 'matplotlib.animation.PillowWriter'>
2025-12-15 07:03:42,239 - matplotlib.animation - INFO - Animation.save using <class 'matplotlib.animation.PillowWriter'>
2025-12-15 07:16:34,275 - matplotlib.animation - INFO - Animation.save using <class 'matplotlib.animation.PillowWriter'>
2025-12-15 07:35:03,695 - matplotlib.animation - INFO - Animation.save using <class 'matplotlib.animation.PillowWriter'>
2025-12-15 07:58:51,690 - matplotlib.animation - INFO - Animation.save using <class 'matplotlib.animation.PillowWriter'>
2025-12-15 08:12:02,872 - matplotlib.animation - INFO - Animation.save using <class 'matplotlib.animation.PillowWriter'>
2025-12-15 08:26:38,836 - matplotlib.animation - INFO - Animation.save using <class 'matplotlib.animation.PillowWriter'>
2025-12-15 08:39:46,098 - matplotlib.animation - INFO - Animation.save using <class 'matplotlib.animation.PillowWriter'>
2025-12-15 08:58:13,628 - matplotlib.animation - INFO - Animation.save using <class 'matplotlib.animation.PillowWriter'>
2025-12-15 09:16:47,459 - matplotlib.animation - INFO - Animation.save using <class 'matplotlib.animation.PillowWriter'>
2025-12-15 09:33:18,072 - matplotlib.animation - INFO - Animation.save using <class 'matplotlib.animation.PillowWriter'>
2025-12-15 09:40:35,963 - matplotlib.animation - INFO - Animation.save using <class 'matplotlib.animation.PillowWriter'>
2025-12-15 09:47:55,632 - matplotlib.animation - INFO - Animation.save using <class 'matplotlib.animation.PillowWriter'>
2025-12-15 09:55:35,134 - matplotlib.animation - INFO - Animation.save using <class 'matplotlib.animation.PillowWriter'>
2025-12-15 10:03:06,069 - matplotlib.animation - INFO - Animation.save using <class 'matplotlib.animation.PillowWriter'>
2025-12-15 10:10:33,393 - matplotlib.animation - INFO - Animation.save using <class 'matplotlib.animation.PillowWriter'>
2025-12-15 10:17:54,444 - matplotlib.animation - INFO - Animation.save using <class 'matplotlib.animation.PillowWriter'>
2025-12-15 10:30:55,328 - matplotlib.animation - INFO - Animation.save using <class 'matplotlib.animation.PillowWriter'>
2025-12-15 10:38:17,675 - matplotlib.animation - INFO - Animation.save using <class 'matplotlib.animation.PillowWriter'>
2025-12-15 10:47:50,560 - matplotlib.animation - INFO - Animation.save using <class 'matplotlib.animation.PillowWriter'>
2025-12-15 13:38:03,866 - jax._src.xla_bridge - INFO - Unable to initialize backend 'tpu': INTERNAL: Failed to open libtpu.so: libtpu.so: cannot open shared object file: No such file or directory
2025-12-15 13:38:30,496 - matplotlib.animation - INFO - Animation.save using <class 'matplotlib.animation.HTMLWriter'>
2025-12-15 17:28:11,329 - matplotlib.animation - INFO - Animation.save using <class 'matplotlib.animation.HTMLWriter'>
2025-12-15 17:37:19,954 - jax._src.xla_bridge - INFO - Unable to initialize backend 'tpu': INTERNAL: Failed to open libtpu.so: libtpu.so: cannot open shared object file: No such file or directory
2025-12-15 17:37:29,512 - matplotlib.animation - INFO - Animation.save using <class 'matplotlib.animation.HTMLWriter'>
2025-12-15 17:43:30,339 - jax._src.xla_bridge - INFO - Unable to initialize backend 'tpu': INTERNAL: Failed to open libtpu.so: libtpu.so: cannot open shared object file: No such file or directory
2025-12-15 17:43:35,819 - matplotlib.animation - INFO - Animation.save using <class 'matplotlib.animation.HTMLWriter'>
2025-12-15 21:14:49,239 - matplotlib.animation - INFO - Animation.save using <class 'matplotlib.animation.PillowWriter'>
2025-12-15 21:27:32,647 - matplotlib.animation - INFO - Animation.save using <class 'matplotlib.animation.PillowWriter'>
2025-12-15 21:28:14,090 - matplotlib.animation - INFO - Animation.save using <class 'matplotlib.animation.PillowWriter'>
2025-12-15 21:30:26,568 - jax._src.xla_bridge - INFO - Unable to initialize backend 'tpu': INTERNAL: Failed to open libtpu.so: libtpu.so: cannot open shared object file: No such file or directory
2025-12-15 21:30:31,710 - matplotlib.animation - INFO - Animation.save using <class 'matplotlib.animation.HTMLWriter'>
2025-12-15 21:44:50,572 - matplotlib.animation - INFO - Animation.save using <class 'matplotlib.animation.PillowWriter'>
2025-12-15 21:45:00,080 - matplotlib.animation - INFO - Animation.save using <class 'matplotlib.animation.PillowWriter'>
2025-12-15 21:45:09,795 - matplotlib.animation - INFO - Animation.save using <class 'matplotlib.animation.PillowWriter'>
2025-12-15 21:45:19,868 - matplotlib.animation - INFO - Animation.save using <class 'matplotlib.animation.PillowWriter'>
2025-12-15 21:45:29,522 - matplotlib.animation - INFO - Animation.save using <class 'matplotlib.animation.PillowWriter'>
2025-12-15 21:45:38,847 - matplotlib.animation - INFO - Animation.save using <class 'matplotlib.animation.PillowWriter'>
2025-12-15 21:45:48,986 - matplotlib.animation - INFO - Animation.save using <class 'matplotlib.animation.PillowWriter'>
2025-12-15 21:45:58,661 - matplotlib.animation - INFO - Animation.save using <class 'matplotlib.animation.PillowWriter'>
2025-12-15 21:46:08,105 - matplotlib.animation - INFO - Animation.save using <class 'matplotlib.animation.PillowWriter'>
2025-12-15 22:11:14,446 - matplotlib.animation - INFO - Animation.save using <class 'matplotlib.animation.PillowWriter'>
2025-12-15 22:11:28,279 - matplotlib.animation - INFO - Animation.save using <class 'matplotlib.animation.PillowWriter'>
2025-12-15 22:11:43,129 - matplotlib.animation - INFO - Animation.save using <class 'matplotlib.animation.PillowWriter'>
2025-12-15 22:11:56,565 - matplotlib.animation - INFO - Animation.save using <class 'matplotlib.animation.PillowWriter'>
2025-12-15 22:12:09,892 - matplotlib.animation - INFO - Animation.save using <class 'matplotlib.animation.PillowWriter'>
2025-12-15 22:12:22,408 - matplotlib.animation - INFO - Animation.save using <class 'matplotlib.animation.PillowWriter'>
2025-12-15 22:12:35,086 - matplotlib.animation - INFO - Animation.save using <class 'matplotlib.animation.PillowWriter'>
2025-12-15 22:12:47,980 - matplotlib.animation - INFO - Animation.save using <class 'matplotlib.animation.PillowWriter'>
2025-12-15 22:13:02,100 - matplotlib.animation - INFO - Animation.save using <class 'matplotlib.animation.PillowWriter'>
2025-12-15 22:25:33,367 - matplotlib.animation - INFO - Animation.save using <class 'matplotlib.animation.PillowWriter'>
2025-12-15 22:31:10,300 - matplotlib.animation - INFO - Animation.save using <class 'matplotlib.animation.PillowWriter'>
2025-12-15 22:40:30,339 - matplotlib.animation - INFO - Animation.save using <class 'matplotlib.animation.PillowWriter'>
2025-12-15 22:49:08,968 - matplotlib.animation - INFO - Animation.save using <class 'matplotlib.animation.PillowWriter'>
2025-12-15 22:54:06,757 - jax._src.xla_bridge - INFO - Unable to initialize backend 'tpu': INTERNAL: Failed to open libtpu.so: libtpu.so: cannot open shared object file: No such file or directory
2025-12-15 22:55:01,154 - matplotlib.animation - INFO - Animation.save using <class 'matplotlib.animation.HTMLWriter'>
2025-12-15 23:05:06,599 - matplotlib.animation - INFO - Animation.save using <class 'matplotlib.animation.PillowWriter'>
2025-12-15 23:13:13,301 - matplotlib.animation - INFO - Animation.save using <class 'matplotlib.animation.PillowWriter'>
2025-12-15 23:24:11,779 - matplotlib.animation - INFO - Animation.save using <class 'matplotlib.animation.PillowWriter'>
2025-12-15 23:32:58,247 - matplotlib.animation - INFO - Animation.save using <class 'matplotlib.animation.PillowWriter'>
2025-12-15 23:43:33,287 - matplotlib.animation - INFO - Animation.save using <class 'matplotlib.animation.PillowWriter'>
2025-12-16 00:27:52,024 - matplotlib.animation - INFO - Animation.save using <class 'matplotlib.animation.PillowWriter'>
2025-12-16 00:37:15,884 - matplotlib.animation - INFO - Animation.save using <class 'matplotlib.animation.PillowWriter'>
2025-12-16 00:54:16,076 - matplotlib.animation - INFO - Animation.save using <class 'matplotlib.animation.HTMLWriter'>
2025-12-16 00:56:19,186 - matplotlib.animation - INFO - Animation.save using <class 'matplotlib.animation.PillowWriter'>
2025-12-16 00:57:42,678 - matplotlib.animation - INFO - Animation.save using <class 'matplotlib.animation.PillowWriter'>
2025-12-16 01:18:08,709 - matplotlib.animation - INFO - Animation.save using <class 'matplotlib.animation.PillowWriter'>
2025-12-16 02:02:14,413 - matplotlib.animation - INFO - Animation.save using <class 'matplotlib.animation.PillowWriter'>
2025-12-16 02:19:49,687 - matplotlib.animation - INFO - Animation.save using <class 'matplotlib.animation.PillowWriter'>
2025-12-16 02:25:47,288 - jax._src.xla_bridge - INFO - Unable to initialize backend 'tpu': INTERNAL: Failed to open libtpu.so: libtpu.so: cannot open shared object file: No such file or directory
2025-12-16 02:26:16,310 - matplotlib.animation - INFO - Animation.save using <class 'matplotlib.animation.HTMLWriter'>
2025-12-16 03:33:52,873 - matplotlib.animation - INFO - Animation.save using <class 'matplotlib.animation.PillowWriter'>
2025-12-16 04:05:32,762 - matplotlib.animation - INFO - Animation.save using <class 'matplotlib.animation.PillowWriter'>
2025-12-16 04:44:03,274 - matplotlib.animation - INFO - Animation.save using <class 'matplotlib.animation.PillowWriter'>
2025-12-16 05:41:13,227 - matplotlib.animation - INFO - Animation.save using <class 'matplotlib.animation.PillowWriter'>
2025-12-16 06:44:28,354 - matplotlib.animation - INFO - Animation.save using <class 'matplotlib.animation.PillowWriter'>
2025-12-16 08:03:42,676 - matplotlib.animation - INFO - Animation.save using <class 'matplotlib.animation.PillowWriter'>
2025-12-16 09:08:41,086 - matplotlib.animation - INFO - Animation.save using <class 'matplotlib.animation.PillowWriter'>
2025-12-16 10:04:20,127 - matplotlib.animation - INFO - Animation.save using <class 'matplotlib.animation.PillowWriter'>
2025-12-16 10:39:07,366 - matplotlib.animation - INFO - Animation.save using <class 'matplotlib.animation.PillowWriter'>
2025-12-16 13:50:30,236 - matplotlib.animation - INFO - Animation.save using <class 'matplotlib.animation.PillowWriter'>
2025-12-16 14:00:20,979 - matplotlib.animation - INFO - Animation.save using <class 'matplotlib.animation.PillowWriter'>
2025-12-16 14:26:23,711 - matplotlib.animation - INFO - Animation.save using <class 'matplotlib.animation.PillowWriter'>
2025-12-16 14:52:42,470 - matplotlib.animation - INFO - Animation.save using <class 'matplotlib.animation.PillowWriter'>
2025-12-16 17:25:57,431 - matplotlib.animation - INFO - Animation.save using <class 'matplotlib.animation.PillowWriter'>
2025-12-16 18:11:43,014 - matplotlib.animation - INFO - Animation.save using <class 'matplotlib.animation.PillowWriter'>
2025-12-16 18:18:59,595 - matplotlib.animation - INFO - Animation.save using <class 'matplotlib.animation.PillowWriter'>
2025-12-16 18:36:21,877 - matplotlib.animation - INFO - Animation.save using <class 'matplotlib.animation.PillowWriter'>
2025-12-16 18:48:24,026 - matplotlib.animation - INFO - Animation.save using <class 'matplotlib.animation.PillowWriter'>
2025-12-16 19:02:30,265 - matplotlib.animation - INFO - Animation.save using <class 'matplotlib.animation.PillowWriter'>
2025-12-16 19:14:20,010 - matplotlib.animation - INFO - Animation.save using <class 'matplotlib.animation.PillowWriter'>
2025-12-16 19:30:57,262 - matplotlib.animation - INFO - Animation.save using <class 'matplotlib.animation.PillowWriter'>
2025-12-16 19:45:02,409 - matplotlib.animation - INFO - Animation.save using <class 'matplotlib.animation.PillowWriter'>
2025-12-16 20:03:44,340 - matplotlib.animation - INFO - Animation.save using <class 'matplotlib.animation.PillowWriter'>
2025-12-16 20:20:02,124 - matplotlib.animation - INFO - Animation.save using <class 'matplotlib.animation.PillowWriter'>
2025-12-16 20:47:30,868 - matplotlib.animation - INFO - Animation.save using <class 'matplotlib.animation.PillowWriter'>
2025-12-16 21:05:12,822 - matplotlib.animation - INFO - Animation.save using <class 'matplotlib.animation.PillowWriter'>
2025-12-16 21:23:59,515 - matplotlib.animation - INFO - Animation.save using <class 'matplotlib.animation.PillowWriter'>
2025-12-16 22:02:58,459 - matplotlib.animation - INFO - Animation.save using <class 'matplotlib.animation.PillowWriter'>
2025-12-16 22:54:11,358 - matplotlib.animation - INFO - Animation.save using <class 'matplotlib.animation.PillowWriter'>
2025-12-17 00:19:10,211 - matplotlib.animation - INFO - Animation.save using <class 'matplotlib.animation.PillowWriter'>
2025-12-17 00:19:17,117 - matplotlib.animation - INFO - Animation.save using <class 'matplotlib.animation.PillowWriter'>
2025-12-17 00:19:23,663 - matplotlib.animation - INFO - Animation.save using <class 'matplotlib.animation.PillowWriter'>
2025-12-17 00:19:30,381 - matplotlib.animation - INFO - Animation.save using <class 'matplotlib.animation.PillowWriter'>
2025-12-17 00:19:37,519 - matplotlib.animation - INFO - Animation.save using <class 'matplotlib.animation.PillowWriter'>
2025-12-17 00:19:44,487 - matplotlib.animation - INFO - Animation.save using <class 'matplotlib.animation.PillowWriter'>
2025-12-17 00:19:50,729 - matplotlib.animation - INFO - Animation.save using <class 'matplotlib.animation.PillowWriter'>
2025-12-17 00:19:58,285 - matplotlib.animation - INFO - Animation.save using <class 'matplotlib.animation.PillowWriter'>
2025-12-17 00:20:05,112 - matplotlib.animation - INFO - Animation.save using <class 'matplotlib.animation.PillowWriter'>
2025-12-17 00:20:33,186 - matplotlib.animation - WARNING - MovieWriter ffmpeg unavailable; using Pillow instead.
2025-12-17 00:20:33,187 - matplotlib.animation - INFO - Animation.save using <class 'matplotlib.animation.PillowWriter'>
2025-12-17 00:20:36,781 - matplotlib.animation - WARNING - MovieWriter ffmpeg unavailable; using Pillow instead.
2025-12-17 00:20:36,782 - matplotlib.animation - INFO - Animation.save using <class 'matplotlib.animation.PillowWriter'>
2025-12-17 00:20:40,350 - matplotlib.animation - WARNING - MovieWriter ffmpeg unavailable; using Pillow instead.
2025-12-17 00:20:40,351 - matplotlib.animation - INFO - Animation.save using <class 'matplotlib.animation.PillowWriter'>
2025-12-17 00:20:43,777 - matplotlib.animation - WARNING - MovieWriter ffmpeg unavailable; using Pillow instead.
2025-12-17 00:20:43,778 - matplotlib.animation - INFO - Animation.save using <class 'matplotlib.animation.PillowWriter'>
2025-12-17 00:20:47,588 - matplotlib.animation - WARNING - MovieWriter ffmpeg unavailable; using Pillow instead.
2025-12-17 00:20:47,589 - matplotlib.animation - INFO - Animation.save using <class 'matplotlib.animation.PillowWriter'>
2025-12-17 00:20:50,665 - matplotlib.animation - WARNING - MovieWriter ffmpeg unavailable; using Pillow instead.
2025-12-17 00:20:50,666 - matplotlib.animation - INFO - Animation.save using <class 'matplotlib.animation.PillowWriter'>
2025-12-17 00:20:54,316 - matplotlib.animation - WARNING - MovieWriter ffmpeg unavailable; using Pillow instead.
2025-12-17 00:20:54,318 - matplotlib.animation - INFO - Animation.save using <class 'matplotlib.animation.PillowWriter'>
2025-12-17 00:20:57,823 - matplotlib.animation - WARNING - MovieWriter ffmpeg unavailable; using Pillow instead.
2025-12-17 00:20:57,824 - matplotlib.animation - INFO - Animation.save using <class 'matplotlib.animation.PillowWriter'>
2025-12-17 00:21:01,285 - matplotlib.animation - WARNING - MovieWriter ffmpeg unavailable; using Pillow instead.
2025-12-17 00:21:01,286 - matplotlib.animation - INFO - Animation.save using <class 'matplotlib.animation.PillowWriter'>
2025-12-17 00:26:23,147 - matplotlib.animation - INFO - Animation.save using <class 'matplotlib.animation.PillowWriter'>
2025-12-17 00:26:30,501 - matplotlib.animation - INFO - Animation.save using <class 'matplotlib.animation.PillowWriter'>
2025-12-17 00:26:37,763 - matplotlib.animation - INFO - Animation.save using <class 'matplotlib.animation.PillowWriter'>
2025-12-17 00:26:44,558 - matplotlib.animation - INFO - Animation.save using <class 'matplotlib.animation.PillowWriter'>
2025-12-17 00:26:51,745 - matplotlib.animation - INFO - Animation.save using <class 'matplotlib.animation.PillowWriter'>
2025-12-17 00:26:58,508 - matplotlib.animation - INFO - Animation.save using <class 'matplotlib.animation.PillowWriter'>
2025-12-17 00:27:05,389 - matplotlib.animation - INFO - Animation.save using <class 'matplotlib.animation.PillowWriter'>
2025-12-17 00:27:12,029 - matplotlib.animation - INFO - Animation.save using <class 'matplotlib.animation.PillowWriter'>
2025-12-17 00:27:18,722 - matplotlib.animation - INFO - Animation.save using <class 'matplotlib.animation.PillowWriter'>
2025-12-17 00:27:52,873 - matplotlib.animation - INFO - Animation.save using <class 'matplotlib.animation.FFMpegWriter'>
2025-12-17 00:27:52,875 - matplotlib.animation - INFO - MovieWriter._run: running command: ffmpeg -f rawvideo -vcodec rawvideo -s 640x480 -pix_fmt rgba -framerate 30 -loglevel error -i pipe: -vcodec h264 -pix_fmt yuv420p -y /home/rikut/py_venvs/my_sim_project/storage/refined_sim_dof2_20251215_213121/stimuli/ig_energy/dof2_EM_IGM.mp4
2025-12-17 00:27:57,097 - matplotlib.animation - INFO - Animation.save using <class 'matplotlib.animation.FFMpegWriter'>
2025-12-17 00:27:57,099 - matplotlib.animation - INFO - MovieWriter._run: running command: ffmpeg -f rawvideo -vcodec rawvideo -s 640x480 -pix_fmt rgba -framerate 30 -loglevel error -i pipe: -vcodec h264 -pix_fmt yuv420p -y /home/rikut/py_venvs/my_sim_project/storage/refined_sim_dof2_20251215_213121/stimuli/ig_energy/dof2_EH_IGH.mp4
2025-12-17 00:28:00,486 - matplotlib.animation - INFO - Animation.save using <class 'matplotlib.animation.PillowWriter'>
2025-12-17 00:28:00,970 - matplotlib.animation - INFO - Animation.save using <class 'matplotlib.animation.FFMpegWriter'>
2025-12-17 00:28:00,972 - matplotlib.animation - INFO - MovieWriter._run: running command: ffmpeg -f rawvideo -vcodec rawvideo -s 640x480 -pix_fmt rgba -framerate 30 -loglevel error -i pipe: -vcodec h264 -pix_fmt yuv420p -y /home/rikut/py_venvs/my_sim_project/storage/refined_sim_dof2_20251215_213121/stimuli/ig_energy/dof2_EH_IGM.mp4
2025-12-17 00:28:04,923 - matplotlib.animation - INFO - Animation.save using <class 'matplotlib.animation.FFMpegWriter'>
2025-12-17 00:28:04,925 - matplotlib.animation - INFO - MovieWriter._run: running command: ffmpeg -f rawvideo -vcodec rawvideo -s 640x480 -pix_fmt rgba -framerate 30 -loglevel error -i pipe: -vcodec h264 -pix_fmt yuv420p -y /home/rikut/py_venvs/my_sim_project/storage/refined_sim_dof2_20251215_213121/stimuli/ig_energy/dof2_EL_IGH.mp4
2025-12-17 00:28:08,621 - matplotlib.animation - INFO - Animation.save using <class 'matplotlib.animation.FFMpegWriter'>
2025-12-17 00:28:08,622 - matplotlib.animation - INFO - MovieWriter._run: running command: ffmpeg -f rawvideo -vcodec rawvideo -s 640x480 -pix_fmt rgba -framerate 30 -loglevel error -i pipe: -vcodec h264 -pix_fmt yuv420p -y /home/rikut/py_venvs/my_sim_project/storage/refined_sim_dof2_20251215_213121/stimuli/ig_energy/dof2_EL_IGM.mp4
2025-12-17 00:28:12,122 - matplotlib.animation - INFO - Animation.save using <class 'matplotlib.animation.FFMpegWriter'>
2025-12-17 00:28:12,124 - matplotlib.animation - INFO - MovieWriter._run: running command: ffmpeg -f rawvideo -vcodec rawvideo -s 640x480 -pix_fmt rgba -framerate 30 -loglevel error -i pipe: -vcodec h264 -pix_fmt yuv420p -y /home/rikut/py_venvs/my_sim_project/storage/refined_sim_dof2_20251215_213121/stimuli/ig_energy/dof2_EL_IGL.mp4
2025-12-17 00:28:15,097 - matplotlib.animation - INFO - Animation.save using <class 'matplotlib.animation.FFMpegWriter'>
2025-12-17 00:28:15,098 - matplotlib.animation - INFO - MovieWriter._run: running command: ffmpeg -f rawvideo -vcodec rawvideo -s 640x480 -pix_fmt rgba -framerate 30 -loglevel error -i pipe: -vcodec h264 -pix_fmt yuv420p -y /home/rikut/py_venvs/my_sim_project/storage/refined_sim_dof2_20251215_213121/stimuli/ig_energy/dof2_EM_IGL.mp4
2025-12-17 00:28:18,636 - matplotlib.animation - INFO - Animation.save using <class 'matplotlib.animation.FFMpegWriter'>
2025-12-17 00:28:18,637 - matplotlib.animation - INFO - MovieWriter._run: running command: ffmpeg -f rawvideo -vcodec rawvideo -s 640x480 -pix_fmt rgba -framerate 30 -loglevel error -i pipe: -vcodec h264 -pix_fmt yuv420p -y /home/rikut/py_venvs/my_sim_project/storage/refined_sim_dof2_20251215_213121/stimuli/ig_energy/dof2_EH_IGL.mp4
2025-12-17 00:28:22,429 - matplotlib.animation - INFO - Animation.save using <class 'matplotlib.animation.FFMpegWriter'>
2025-12-17 00:28:22,431 - matplotlib.animation - INFO - MovieWriter._run: running command: ffmpeg -f rawvideo -vcodec rawvideo -s 640x480 -pix_fmt rgba -framerate 30 -loglevel error -i pipe: -vcodec h264 -pix_fmt yuv420p -y /home/rikut/py_venvs/my_sim_project/storage/refined_sim_dof2_20251215_213121/stimuli/ig_energy/dof2_EM_IGH.mp4
2025-12-17 01:54:15,027 - matplotlib.animation - INFO - Animation.save using <class 'matplotlib.animation.PillowWriter'>
2025-12-17 01:58:25,424 - matplotlib.animation - INFO - Animation.save using <class 'matplotlib.animation.FFMpegWriter'>
2025-12-17 01:58:25,426 - matplotlib.animation - INFO - MovieWriter._run: running command: ffmpeg -f rawvideo -vcodec rawvideo -s 640x480 -pix_fmt rgba -framerate 30 -loglevel error -i pipe: -vcodec h264 -pix_fmt yuv420p -y /home/rikut/py_venvs/my_sim_project/results/sim_dof2_20251215_213121/stimuli/ig_energy/dof2_EM_IGM.mp4
2025-12-17 01:58:29,304 - matplotlib.animation - INFO - Animation.save using <class 'matplotlib.animation.FFMpegWriter'>
2025-12-17 01:58:29,305 - matplotlib.animation - INFO - MovieWriter._run: running command: ffmpeg -f rawvideo -vcodec rawvideo -s 640x480 -pix_fmt rgba -framerate 30 -loglevel error -i pipe: -vcodec h264 -pix_fmt yuv420p -y /home/rikut/py_venvs/my_sim_project/results/sim_dof2_20251215_213121/stimuli/ig_energy/dof2_EH_IGH.mp4
2025-12-17 01:58:32,593 - matplotlib.animation - INFO - Animation.save using <class 'matplotlib.animation.FFMpegWriter'>
2025-12-17 01:58:32,595 - matplotlib.animation - INFO - MovieWriter._run: running command: ffmpeg -f rawvideo -vcodec rawvideo -s 640x480 -pix_fmt rgba -framerate 30 -loglevel error -i pipe: -vcodec h264 -pix_fmt yuv420p -y /home/rikut/py_venvs/my_sim_project/results/sim_dof2_20251215_213121/stimuli/ig_energy/dof2_EH_IGM.mp4
2025-12-17 01:58:35,838 - matplotlib.animation - INFO - Animation.save using <class 'matplotlib.animation.FFMpegWriter'>
2025-12-17 01:58:35,839 - matplotlib.animation - INFO - MovieWriter._run: running command: ffmpeg -f rawvideo -vcodec rawvideo -s 640x480 -pix_fmt rgba -framerate 30 -loglevel error -i pipe: -vcodec h264 -pix_fmt yuv420p -y /home/rikut/py_venvs/my_sim_project/results/sim_dof2_20251215_213121/stimuli/ig_energy/dof2_EL_IGH.mp4
2025-12-17 01:58:39,260 - matplotlib.animation - INFO - Animation.save using <class 'matplotlib.animation.FFMpegWriter'>
2025-12-17 01:58:39,262 - matplotlib.animation - INFO - MovieWriter._run: running command: ffmpeg -f rawvideo -vcodec rawvideo -s 640x480 -pix_fmt rgba -framerate 30 -loglevel error -i pipe: -vcodec h264 -pix_fmt yuv420p -y /home/rikut/py_venvs/my_sim_project/results/sim_dof2_20251215_213121/stimuli/ig_energy/dof2_EL_IGM.mp4
2025-12-17 01:58:42,522 - matplotlib.animation - INFO - Animation.save using <class 'matplotlib.animation.FFMpegWriter'>
2025-12-17 01:58:42,523 - matplotlib.animation - INFO - MovieWriter._run: running command: ffmpeg -f rawvideo -vcodec rawvideo -s 640x480 -pix_fmt rgba -framerate 30 -loglevel error -i pipe: -vcodec h264 -pix_fmt yuv420p -y /home/rikut/py_venvs/my_sim_project/results/sim_dof2_20251215_213121/stimuli/ig_energy/dof2_EL_IGL.mp4
2025-12-17 01:58:45,789 - matplotlib.animation - INFO - Animation.save using <class 'matplotlib.animation.FFMpegWriter'>
2025-12-17 01:58:45,790 - matplotlib.animation - INFO - MovieWriter._run: running command: ffmpeg -f rawvideo -vcodec rawvideo -s 640x480 -pix_fmt rgba -framerate 30 -loglevel error -i pipe: -vcodec h264 -pix_fmt yuv420p -y /home/rikut/py_venvs/my_sim_project/results/sim_dof2_20251215_213121/stimuli/ig_energy/dof2_EM_IGL.mp4
2025-12-17 01:58:49,087 - matplotlib.animation - INFO - Animation.save using <class 'matplotlib.animation.FFMpegWriter'>
2025-12-17 01:58:49,088 - matplotlib.animation - INFO - MovieWriter._run: running command: ffmpeg -f rawvideo -vcodec rawvideo -s 640x480 -pix_fmt rgba -framerate 30 -loglevel error -i pipe: -vcodec h264 -pix_fmt yuv420p -y /home/rikut/py_venvs/my_sim_project/results/sim_dof2_20251215_213121/stimuli/ig_energy/dof2_EH_IGL.mp4
2025-12-17 01:58:52,407 - matplotlib.animation - INFO - Animation.save using <class 'matplotlib.animation.FFMpegWriter'>
2025-12-17 01:58:52,409 - matplotlib.animation - INFO - MovieWriter._run: running command: ffmpeg -f rawvideo -vcodec rawvideo -s 640x480 -pix_fmt rgba -framerate 30 -loglevel error -i pipe: -vcodec h264 -pix_fmt yuv420p -y /home/rikut/py_venvs/my_sim_project/results/sim_dof2_20251215_213121/stimuli/ig_energy/dof2_EM_IGH.mp4
2025-12-17 02:04:05,135 - matplotlib.animation - INFO - Animation.save using <class 'matplotlib.animation.FFMpegWriter'>
2025-12-17 02:04:05,136 - matplotlib.animation - INFO - MovieWriter._run: running command: ffmpeg -f rawvideo -vcodec rawvideo -s 640x480 -pix_fmt rgba -framerate 30 -loglevel error -i pipe: -vcodec h264 -pix_fmt yuv420p -y /home/rikut/py_venvs/my_sim_project/results/sim_dof2_20251215_213121/config/const_beliefs_result.mp4
2025-12-17 02:13:17,813 - jax._src.xla_bridge - INFO - Unable to initialize backend 'tpu': INTERNAL: Failed to open libtpu.so: libtpu.so: cannot open shared object file: No such file or directory
2025-12-17 02:13:45,674 - matplotlib.animation - INFO - Animation.save using <class 'matplotlib.animation.HTMLWriter'>
2025-12-17 03:07:46,734 - matplotlib.animation - INFO - Animation.save using <class 'matplotlib.animation.PillowWriter'>
2025-12-17 03:51:50,616 - matplotlib.animation - INFO - Animation.save using <class 'matplotlib.animation.PillowWriter'>
2025-12-17 04:22:09,727 - matplotlib.animation - INFO - Animation.save using <class 'matplotlib.animation.PillowWriter'>
2025-12-17 05:16:12,458 - matplotlib.animation - INFO - Animation.save using <class 'matplotlib.animation.PillowWriter'>
2025-12-17 05:36:00,841 - matplotlib.animation - INFO - Animation.save using <class 'matplotlib.animation.PillowWriter'>
2025-12-17 05:59:27,745 - matplotlib.animation - INFO - Animation.save using <class 'matplotlib.animation.PillowWriter'>
2025-12-17 06:20:02,394 - matplotlib.animation - INFO - Animation.save using <class 'matplotlib.animation.PillowWriter'>
2025-12-17 07:03:32,279 - matplotlib.animation - INFO - Animation.save using <class 'matplotlib.animation.PillowWriter'>
2025-12-17 07:43:57,291 - matplotlib.animation - INFO - Animation.save using <class 'matplotlib.animation.PillowWriter'>
2025-12-17 10:10:50,033 - matplotlib.animation - INFO - Animation.save using <class 'matplotlib.animation.PillowWriter'>
2025-12-17 10:58:55,700 - matplotlib.animation - INFO - Animation.save using <class 'matplotlib.animation.FFMpegWriter'>
2025-12-17 10:58:55,701 - matplotlib.animation - INFO - MovieWriter._run: running command: ffmpeg -f rawvideo -vcodec rawvideo -s 640x480 -pix_fmt rgba -framerate 30 -loglevel error -i pipe: -vcodec h264 -pix_fmt yuv420p -y /home/rikut/py_venvs/my_sim_project/results/sim_dof3_20251217_021445/stimuli/ig_vfe/dof3_practice_VFEH.mp4
2025-12-17 11:23:09,080 - matplotlib.animation - INFO - Animation.save using <class 'matplotlib.animation.FFMpegWriter'>
2025-12-17 11:23:09,081 - matplotlib.animation - INFO - MovieWriter._run: running command: ffmpeg -f rawvideo -vcodec rawvideo -s 640x480 -pix_fmt rgba -framerate 30 -loglevel error -i pipe: -vcodec h264 -pix_fmt yuv420p -y /home/rikut/py_venvs/my_sim_project/results/sim_dof2_20251215_213121/stimuli/ig_vfe/dof2_practice_VFEH.mp4
2025-12-17 11:56:54,231 - matplotlib.animation - INFO - Animation.save using <class 'matplotlib.animation.FFMpegWriter'>
2025-12-17 11:56:54,232 - matplotlib.animation - INFO - MovieWriter._run: running command: ffmpeg -f rawvideo -vcodec rawvideo -s 640x480 -pix_fmt rgba -framerate 30 -loglevel error -i pipe: -vcodec h264 -pix_fmt yuv420p -y /home/rikut/py_venvs/my_sim_project/storage/final_sim_dof3_20251217_021445/const_beliefs.mp4
2025-12-17 12:04:10,475 - matplotlib.animation - INFO - Animation.save using <class 'matplotlib.animation.FFMpegWriter'>
2025-12-17 12:04:10,477 - matplotlib.animation - INFO - MovieWriter._run: running command: ffmpeg -f rawvideo -vcodec rawvideo -s 640x480 -pix_fmt rgba -framerate 30 -loglevel error -i pipe: -vcodec h264 -pix_fmt yuv420p -y /home/rikut/py_venvs/my_sim_project/storage/final_sim_dof3_20251217_021445/stimuli/ig_energy/dof3_EL_IGL.mp4
2025-12-17 12:04:14,104 - matplotlib.animation - INFO - Animation.save using <class 'matplotlib.animation.FFMpegWriter'>
2025-12-17 12:04:14,105 - matplotlib.animation - INFO - MovieWriter._run: running command: ffmpeg -f rawvideo -vcodec rawvideo -s 640x480 -pix_fmt rgba -framerate 30 -loglevel error -i pipe: -vcodec h264 -pix_fmt yuv420p -y /home/rikut/py_venvs/my_sim_project/storage/final_sim_dof3_20251217_021445/stimuli/ig_energy/dof3_EH_IGH.mp4
2025-12-17 12:04:17,791 - matplotlib.animation - INFO - Animation.save using <class 'matplotlib.animation.FFMpegWriter'>
2025-12-17 12:04:17,793 - matplotlib.animation - INFO - MovieWriter._run: running command: ffmpeg -f rawvideo -vcodec rawvideo -s 640x480 -pix_fmt rgba -framerate 30 -loglevel error -i pipe: -vcodec h264 -pix_fmt yuv420p -y /home/rikut/py_venvs/my_sim_project/storage/final_sim_dof3_20251217_021445/stimuli/ig_energy/dof3_EH_IGL.mp4
2025-12-17 12:04:21,531 - matplotlib.animation - INFO - Animation.save using <class 'matplotlib.animation.FFMpegWriter'>
2025-12-17 12:04:21,532 - matplotlib.animation - INFO - MovieWriter._run: running command: ffmpeg -f rawvideo -vcodec rawvideo -s 640x480 -pix_fmt rgba -framerate 30 -loglevel error -i pipe: -vcodec h264 -pix_fmt yuv420p -y /home/rikut/py_venvs/my_sim_project/storage/final_sim_dof3_20251217_021445/stimuli/ig_energy/dof3_EM_IGL.mp4
2025-12-17 12:04:25,184 - matplotlib.animation - INFO - Animation.save using <class 'matplotlib.animation.FFMpegWriter'>
2025-12-17 12:04:25,185 - matplotlib.animation - INFO - MovieWriter._run: running command: ffmpeg -f rawvideo -vcodec rawvideo -s 640x480 -pix_fmt rgba -framerate 30 -loglevel error -i pipe: -vcodec h264 -pix_fmt yuv420p -y /home/rikut/py_venvs/my_sim_project/storage/final_sim_dof3_20251217_021445/stimuli/ig_energy/dof3_EM_IGM.mp4
2025-12-17 12:04:28,742 - matplotlib.animation - INFO - Animation.save using <class 'matplotlib.animation.FFMpegWriter'>
2025-12-17 12:04:28,744 - matplotlib.animation - INFO - MovieWriter._run: running command: ffmpeg -f rawvideo -vcodec rawvideo -s 640x480 -pix_fmt rgba -framerate 30 -loglevel error -i pipe: -vcodec h264 -pix_fmt yuv420p -y /home/rikut/py_venvs/my_sim_project/storage/final_sim_dof3_20251217_021445/stimuli/ig_energy/dof3_EM_IGH.mp4
2025-12-17 12:04:31,948 - matplotlib.animation - INFO - Animation.save using <class 'matplotlib.animation.FFMpegWriter'>
2025-12-17 12:04:31,949 - matplotlib.animation - INFO - MovieWriter._run: running command: ffmpeg -f rawvideo -vcodec rawvideo -s 640x480 -pix_fmt rgba -framerate 30 -loglevel error -i pipe: -vcodec h264 -pix_fmt yuv420p -y /home/rikut/py_venvs/my_sim_project/storage/final_sim_dof3_20251217_021445/stimuli/ig_energy/dof3_EL_IGH.mp4
2025-12-17 12:04:35,272 - matplotlib.animation - INFO - Animation.save using <class 'matplotlib.animation.FFMpegWriter'>
2025-12-17 12:04:35,273 - matplotlib.animation - INFO - MovieWriter._run: running command: ffmpeg -f rawvideo -vcodec rawvideo -s 640x480 -pix_fmt rgba -framerate 30 -loglevel error -i pipe: -vcodec h264 -pix_fmt yuv420p -y /home/rikut/py_venvs/my_sim_project/storage/final_sim_dof3_20251217_021445/stimuli/ig_energy/dof3_EL_IGM.mp4
2025-12-17 12:04:38,639 - matplotlib.animation - INFO - Animation.save using <class 'matplotlib.animation.FFMpegWriter'>
2025-12-17 12:04:38,640 - matplotlib.animation - INFO - MovieWriter._run: running command: ffmpeg -f rawvideo -vcodec rawvideo -s 640x480 -pix_fmt rgba -framerate 30 -loglevel error -i pipe: -vcodec h264 -pix_fmt yuv420p -y /home/rikut/py_venvs/my_sim_project/storage/final_sim_dof3_20251217_021445/stimuli/ig_energy/dof3_EH_IGM.mp4
2025-12-18 02:08:04,582 - matplotlib.animation - INFO - Animation.save using <class 'matplotlib.animation.HTMLWriter'>
2025-12-18 16:32:14,536 - matplotlib.animation - INFO - Animation.save using <class 'matplotlib.animation.HTMLWriter'>
2025-12-18 17:38:13,139 - jax._src.xla_bridge - INFO - Unable to initialize backend 'tpu': INTERNAL: Failed to open libtpu.so: libtpu.so: cannot open shared object file: No such file or directory
2025-12-19 00:58:39,152 - jax._src.xla_bridge - INFO - Unable to initialize backend 'tpu': INTERNAL: Failed to open libtpu.so: libtpu.so: cannot open shared object file: No such file or directory
2025-12-19 05:17:02,906 - matplotlib.animation - INFO - Animation.save using <class 'matplotlib.animation.FFMpegWriter'>
2025-12-19 05:17:02,908 - matplotlib.animation - INFO - MovieWriter._run: running command: ffmpeg -f rawvideo -vcodec rawvideo -s 640x480 -pix_fmt rgba -framerate 30 -loglevel error -i pipe: -vcodec h264 -pix_fmt yuv420p -y /home/rikut/py_venvs/my_sim_project/results/sim_dof2_20251215_213121/stimuli/ig_emin/dof2_IGL1_Emin.mp4
2025-12-19 05:28:57,130 - matplotlib.animation - INFO - Animation.save using <class 'matplotlib.animation.FFMpegWriter'>
2025-12-19 05:28:57,132 - matplotlib.animation - INFO - MovieWriter._run: running command: ffmpeg -f rawvideo -vcodec rawvideo -s 640x480 -pix_fmt rgba -framerate 30 -loglevel error -i pipe: -vcodec h264 -pix_fmt yuv420p -y /home/rikut/py_venvs/my_sim_project/results/sim_dof2_20251215_213121/stimuli/ig_emin/dof2_IGL2_Emin.mp4
2025-12-19 05:40:41,643 - matplotlib.animation - INFO - Animation.save using <class 'matplotlib.animation.FFMpegWriter'>
2025-12-19 05:40:41,644 - matplotlib.animation - INFO - MovieWriter._run: running command: ffmpeg -f rawvideo -vcodec rawvideo -s 640x480 -pix_fmt rgba -framerate 30 -loglevel error -i pipe: -vcodec h264 -pix_fmt yuv420p -y /home/rikut/py_venvs/my_sim_project/results/sim_dof2_20251215_213121/stimuli/ig_emin/dof2_IGL3_Emin.mp4
2025-12-19 05:56:53,990 - matplotlib.animation - INFO - Animation.save using <class 'matplotlib.animation.FFMpegWriter'>
2025-12-19 05:56:53,992 - matplotlib.animation - INFO - MovieWriter._run: running command: ffmpeg -f rawvideo -vcodec rawvideo -s 640x480 -pix_fmt rgba -framerate 30 -loglevel error -i pipe: -vcodec h264 -pix_fmt yuv420p -y /home/rikut/py_venvs/my_sim_project/results/sim_dof2_20251215_213121/stimuli/ig_emin/dof2_IGL4_Emin.mp4
2025-12-19 06:09:07,056 - matplotlib.animation - INFO - Animation.save using <class 'matplotlib.animation.FFMpegWriter'>
2025-12-19 06:09:07,058 - matplotlib.animation - INFO - MovieWriter._run: running command: ffmpeg -f rawvideo -vcodec rawvideo -s 640x480 -pix_fmt rgba -framerate 30 -loglevel error -i pipe: -vcodec h264 -pix_fmt yuv420p -y /home/rikut/py_venvs/my_sim_project/results/sim_dof2_20251215_213121/stimuli/ig_emin/dof2_IGL5_Emin.mp4
2025-12-19 06:20:57,106 - matplotlib.animation - INFO - Animation.save using <class 'matplotlib.animation.FFMpegWriter'>
2025-12-19 06:20:57,108 - matplotlib.animation - INFO - MovieWriter._run: running command: ffmpeg -f rawvideo -vcodec rawvideo -s 640x480 -pix_fmt rgba -framerate 30 -loglevel error -i pipe: -vcodec h264 -pix_fmt yuv420p -y /home/rikut/py_venvs/my_sim_project/results/sim_dof2_20251215_213121/stimuli/ig_emin/dof2_IGL6_Emin.mp4
2025-12-19 10:52:29,283 - matplotlib.animation - INFO - Animation.save using <class 'matplotlib.animation.FFMpegWriter'>
2025-12-19 10:52:29,285 - matplotlib.animation - INFO - MovieWriter._run: running command: ffmpeg -f rawvideo -vcodec rawvideo -s 640x480 -pix_fmt rgba -framerate 30 -loglevel error -i pipe: -vcodec h264 -pix_fmt yuv420p -y /home/rikut/py_venvs/my_sim_project/results/sim_dof2_20251215_213121/stimuli/ig_emin/dof2_IGL1_Emin.mp4
2025-12-19 11:04:30,493 - matplotlib.animation - INFO - Animation.save using <class 'matplotlib.animation.FFMpegWriter'>
2025-12-19 11:04:30,495 - matplotlib.animation - INFO - MovieWriter._run: running command: ffmpeg -f rawvideo -vcodec rawvideo -s 640x480 -pix_fmt rgba -framerate 30 -loglevel error -i pipe: -vcodec h264 -pix_fmt yuv420p -y /home/rikut/py_venvs/my_sim_project/results/sim_dof2_20251215_213121/stimuli/ig_emin/dof2_IGL2_Emin.mp4
2025-12-19 11:16:13,092 - matplotlib.animation - INFO - Animation.save using <class 'matplotlib.animation.FFMpegWriter'>
2025-12-19 11:16:13,094 - matplotlib.animation - INFO - MovieWriter._run: running command: ffmpeg -f rawvideo -vcodec rawvideo -s 640x480 -pix_fmt rgba -framerate 30 -loglevel error -i pipe: -vcodec h264 -pix_fmt yuv420p -y /home/rikut/py_venvs/my_sim_project/results/sim_dof2_20251215_213121/stimuli/ig_emin/dof2_IGL3_Emin.mp4
2025-12-19 11:27:56,325 - matplotlib.animation - INFO - Animation.save using <class 'matplotlib.animation.FFMpegWriter'>
2025-12-19 11:27:56,327 - matplotlib.animation - INFO - MovieWriter._run: running command: ffmpeg -f rawvideo -vcodec rawvideo -s 640x480 -pix_fmt rgba -framerate 30 -loglevel error -i pipe: -vcodec h264 -pix_fmt yuv420p -y /home/rikut/py_venvs/my_sim_project/results/sim_dof2_20251215_213121/stimuli/ig_emin/dof2_IGL4_Emin.mp4
2025-12-19 11:39:41,653 - matplotlib.animation - INFO - Animation.save using <class 'matplotlib.animation.FFMpegWriter'>
2025-12-19 11:39:41,654 - matplotlib.animation - INFO - MovieWriter._run: running command: ffmpeg -f rawvideo -vcodec rawvideo -s 640x480 -pix_fmt rgba -framerate 30 -loglevel error -i pipe: -vcodec h264 -pix_fmt yuv420p -y /home/rikut/py_venvs/my_sim_project/results/sim_dof2_20251215_213121/stimuli/ig_emin/dof2_IGL5_Emin.mp4
2025-12-19 11:51:34,257 - matplotlib.animation - INFO - Animation.save using <class 'matplotlib.animation.FFMpegWriter'>
2025-12-19 11:51:34,258 - matplotlib.animation - INFO - MovieWriter._run: running command: ffmpeg -f rawvideo -vcodec rawvideo -s 640x480 -pix_fmt rgba -framerate 30 -loglevel error -i pipe: -vcodec h264 -pix_fmt yuv420p -y /home/rikut/py_venvs/my_sim_project/results/sim_dof2_20251215_213121/stimuli/ig_emin/dof2_IGL6_Emin.mp4
2025-12-19 12:45:56,386 - matplotlib.animation - INFO - Animation.save using <class 'matplotlib.animation.FFMpegWriter'>
2025-12-19 12:45:56,388 - matplotlib.animation - INFO - MovieWriter._run: running command: ffmpeg -f rawvideo -vcodec rawvideo -s 640x480 -pix_fmt rgba -framerate 30 -loglevel error -i pipe: -vcodec h264 -pix_fmt yuv420p -y /home/rikut/py_venvs/my_sim_project/results/sim_dof2_20251215_213121/stimuli/ig_emin/dof2_IGL1_Emin.mp4
2025-12-19 13:29:27,030 - matplotlib.animation - INFO - Animation.save using <class 'matplotlib.animation.FFMpegWriter'>
2025-12-19 13:29:27,032 - matplotlib.animation - INFO - MovieWriter._run: running command: ffmpeg -f rawvideo -vcodec rawvideo -s 640x480 -pix_fmt rgba -framerate 30 -loglevel error -i pipe: -vcodec h264 -pix_fmt yuv420p -y /home/rikut/py_venvs/my_sim_project/results/sim_dof2_20251215_213121/stimuli/ig_emin/dof2_IGL6_Emin.mp4
2025-12-19 13:33:48,441 - matplotlib.animation - INFO - Animation.save using <class 'matplotlib.animation.FFMpegWriter'>
2025-12-19 13:33:48,442 - matplotlib.animation - INFO - MovieWriter._run: running command: ffmpeg -f rawvideo -vcodec rawvideo -s 640x480 -pix_fmt rgba -framerate 30 -loglevel error -i pipe: -vcodec h264 -pix_fmt yuv420p -y /home/rikut/py_venvs/my_sim_project/results/sim_dof2_20251215_213121/stimuli/ig_emin/dof2_IGL1_Emin.mp4
2025-12-19 13:35:44,302 - matplotlib.animation - INFO - Animation.save using <class 'matplotlib.animation.FFMpegWriter'>
2025-12-19 13:35:44,303 - matplotlib.animation - INFO - MovieWriter._run: running command: ffmpeg -f rawvideo -vcodec rawvideo -s 640x480 -pix_fmt rgba -framerate 30 -loglevel error -i pipe: -vcodec h264 -pix_fmt yuv420p -y /home/rikut/py_venvs/my_sim_project/results/sim_dof2_20251215_213121/stimuli/ig_emin/dof2_IGL2_Emin.mp4
2025-12-19 13:44:45,013 - matplotlib.animation - INFO - Animation.save using <class 'matplotlib.animation.FFMpegWriter'>
2025-12-19 13:44:45,014 - matplotlib.animation - INFO - MovieWriter._run: running command: ffmpeg -f rawvideo -vcodec rawvideo -s 640x480 -pix_fmt rgba -framerate 30 -loglevel error -i pipe: -vcodec h264 -pix_fmt yuv420p -y /home/rikut/py_venvs/my_sim_project/results/sim_dof2_20251215_213121/stimuli/ig_emin/dof2_IGL1_Emin.mp4
2025-12-19 13:50:07,567 - matplotlib.animation - INFO - Animation.save using <class 'matplotlib.animation.FFMpegWriter'>
2025-12-19 13:50:07,568 - matplotlib.animation - INFO - MovieWriter._run: running command: ffmpeg -f rawvideo -vcodec rawvideo -s 640x480 -pix_fmt rgba -framerate 30 -loglevel error -i pipe: -vcodec h264 -pix_fmt yuv420p -y /home/rikut/py_venvs/my_sim_project/results/sim_dof2_20251215_213121/stimuli/ig_emin/dof2_IGL2_Emin.mp4
2025-12-19 14:05:39,682 - matplotlib.animation - INFO - Animation.save using <class 'matplotlib.animation.FFMpegWriter'>
2025-12-19 14:05:39,683 - matplotlib.animation - INFO - MovieWriter._run: running command: ffmpeg -f rawvideo -vcodec rawvideo -s 640x480 -pix_fmt rgba -framerate 30 -loglevel error -i pipe: -vcodec h264 -pix_fmt yuv420p -y /home/rikut/py_venvs/my_sim_project/results/sim_dof2_20251215_213121/stimuli/ig_emin/dof2_IGL1_Emin.mp4
2025-12-19 14:11:02,996 - matplotlib.animation - INFO - Animation.save using <class 'matplotlib.animation.FFMpegWriter'>
2025-12-19 14:11:02,997 - matplotlib.animation - INFO - MovieWriter._run: running command: ffmpeg -f rawvideo -vcodec rawvideo -s 640x480 -pix_fmt rgba -framerate 30 -loglevel error -i pipe: -vcodec h264 -pix_fmt yuv420p -y /home/rikut/py_venvs/my_sim_project/results/sim_dof2_20251215_213121/stimuli/ig_emin/dof2_IGL2_Emin.mp4
2025-12-19 14:17:28,281 - jax._src.xla_bridge - INFO - Unable to initialize backend 'tpu': INTERNAL: Failed to open libtpu.so: libtpu.so: cannot open shared object file: No such file or directory
2025-12-19 14:24:03,437 - matplotlib.animation - INFO - Animation.save using <class 'matplotlib.animation.FFMpegWriter'>
2025-12-19 14:24:03,439 - matplotlib.animation - INFO - MovieWriter._run: running command: ffmpeg -f rawvideo -vcodec rawvideo -s 640x480 -pix_fmt rgba -framerate 30 -loglevel error -i pipe: -vcodec h264 -pix_fmt yuv420p -y /home/rikut/py_venvs/my_sim_project/results/sim_dof2_20251215_213121/stimuli/ig_emin/dof2_IGL1_Emin.mp4
2025-12-19 14:35:38,828 - matplotlib.animation - INFO - Animation.save using <class 'matplotlib.animation.FFMpegWriter'>
2025-12-19 14:35:38,829 - matplotlib.animation - INFO - MovieWriter._run: running command: ffmpeg -f rawvideo -vcodec rawvideo -s 640x480 -pix_fmt rgba -framerate 30 -loglevel error -i pipe: -vcodec h264 -pix_fmt yuv420p -y /home/rikut/py_venvs/my_sim_project/results/sim_dof2_20251215_213121/stimuli/ig_emin/dof2_IGL2_Emin.mp4
2025-12-19 14:57:49,158 - jax._src.xla_bridge - INFO - Unable to initialize backend 'tpu': INTERNAL: Failed to open libtpu.so: libtpu.so: cannot open shared object file: No such file or directory
2025-12-20 03:54:21,322 - jax._src.xla_bridge - INFO - Unable to initialize backend 'tpu': INTERNAL: Failed to open libtpu.so: libtpu.so: cannot open shared object file: No such file or directory
2025-12-20 03:54:53,992 - matplotlib.animation - INFO - Animation.save using <class 'matplotlib.animation.HTMLWriter'>
2025-12-20 07:25:57,902 - matplotlib.animation - INFO - Animation.save using <class 'matplotlib.animation.FFMpegWriter'>
2025-12-20 07:25:57,903 - matplotlib.animation - INFO - MovieWriter._run: running command: ffmpeg -f rawvideo -vcodec rawvideo -s 640x480 -pix_fmt rgba -framerate 30 -loglevel error -i pipe: -vcodec h264 -pix_fmt yuv420p -y /home/rikut/py_venvs/my_sim_project/results/sim_dof3_20251220_035558/stimuli/ig_energy/dof3_EL_IGL.mp4
2025-12-20 11:21:00,061 - matplotlib.animation - INFO - Animation.save using <class 'matplotlib.animation.FFMpegWriter'>
2025-12-20 11:21:00,062 - matplotlib.animation - INFO - MovieWriter._run: running command: ffmpeg -f rawvideo -vcodec rawvideo -s 640x480 -pix_fmt rgba -framerate 30 -loglevel error -i pipe: -vcodec h264 -pix_fmt yuv420p -y /home/rikut/py_venvs/my_sim_project/results/sim_dof3_20251220_035558/stimuli/ig_energy/dof3_EM_IGL.mp4
2025-12-20 13:27:34,170 - matplotlib.animation - INFO - Animation.save using <class 'matplotlib.animation.FFMpegWriter'>
2025-12-20 13:27:34,172 - matplotlib.animation - INFO - MovieWriter._run: running command: ffmpeg -f rawvideo -vcodec rawvideo -s 640x480 -pix_fmt rgba -framerate 30 -loglevel error -i pipe: -vcodec h264 -pix_fmt yuv420p -y /home/rikut/py_venvs/my_sim_project/results/sim_dof3_20251220_035558/stimuli/ig_energy/dof3_EL_IGM.mp4
2025-12-20 14:30:24,126 - matplotlib.animation - INFO - Animation.save using <class 'matplotlib.animation.FFMpegWriter'>
2025-12-20 14:30:24,127 - matplotlib.animation - INFO - MovieWriter._run: running command: ffmpeg -f rawvideo -vcodec rawvideo -s 640x480 -pix_fmt rgba -framerate 30 -loglevel error -i pipe: -vcodec h264 -pix_fmt yuv420p -y /home/rikut/py_venvs/my_sim_project/results/sim_dof3_20251220_035558/stimuli/ig_energy/dof3_EM_IGH.mp4
2025-12-20 15:09:54,650 - matplotlib.animation - INFO - Animation.save using <class 'matplotlib.animation.HTMLWriter'>
2025-12-20 16:01:04,189 - matplotlib.animation - INFO - Animation.save using <class 'matplotlib.animation.FFMpegWriter'>
2025-12-20 16:01:04,190 - matplotlib.animation - INFO - MovieWriter._run: running command: ffmpeg -f rawvideo -vcodec rawvideo -s 640x480 -pix_fmt rgba -framerate 30 -loglevel error -i pipe: -vcodec h264 -pix_fmt yuv420p -y /home/rikut/py_venvs/my_sim_project/results/sim_dof2_20251220_151004/stimuli/ig_energy/dof2_EH_IGL.mp4
2025-12-20 16:50:52,051 - matplotlib.animation - INFO - Animation.save using <class 'matplotlib.animation.FFMpegWriter'>
2025-12-20 16:50:52,052 - matplotlib.animation - INFO - MovieWriter._run: running command: ffmpeg -f rawvideo -vcodec rawvideo -s 640x480 -pix_fmt rgba -framerate 30 -loglevel error -i pipe: -vcodec h264 -pix_fmt yuv420p -y /home/rikut/py_venvs/my_sim_project/results/sim_dof2_20251220_151004/stimuli/ig_energy/dof2_EH_IGM.mp4
2025-12-20 18:17:41,843 - matplotlib.animation - INFO - Animation.save using <class 'matplotlib.animation.FFMpegWriter'>
2025-12-20 18:17:41,844 - matplotlib.animation - INFO - MovieWriter._run: running command: ffmpeg -f rawvideo -vcodec rawvideo -s 640x480 -pix_fmt rgba -framerate 30 -loglevel error -i pipe: -vcodec h264 -pix_fmt yuv420p -y /home/rikut/py_venvs/my_sim_project/results/sim_dof2_20251220_151004/stimuli/ig_energy/dof2_EH_IGH.mp4
2025-12-20 18:32:06,775 - matplotlib.animation - INFO - Animation.save using <class 'matplotlib.animation.FFMpegWriter'>
2025-12-20 18:32:06,776 - matplotlib.animation - INFO - MovieWriter._run: running command: ffmpeg -f rawvideo -vcodec rawvideo -s 640x480 -pix_fmt rgba -framerate 30 -loglevel error -i pipe: -vcodec h264 -pix_fmt yuv420p -y /home/rikut/py_venvs/my_sim_project/results/sim_dof2_20251220_151004/stimuli/ig_energy/dof2_EL_IGH.mp4
2025-12-20 22:58:45,852 - matplotlib.animation - INFO - Animation.save using <class 'matplotlib.animation.FFMpegWriter'>
2025-12-20 22:58:45,857 - matplotlib.animation - INFO - MovieWriter._run: running command: ffmpeg -f rawvideo -vcodec rawvideo -s 640x480 -pix_fmt rgba -framerate 30 -loglevel error -i pipe: -vcodec h264 -pix_fmt yuv420p -y /home/rikut/py_venvs/my_sim_project/results/sim_dof2_20251220_151004/stimuli/ig_energy/dof2_EH_IGH.mp4
2025-12-21 02:40:43,029 - jax._src.xla_bridge - INFO - Unable to initialize backend 'tpu': INTERNAL: Failed to open libtpu.so: libtpu.so: cannot open shared object file: No such file or directory
2025-12-21 02:40:58,593 - jax._src.xla_bridge - INFO - Unable to initialize backend 'tpu': INTERNAL: Failed to open libtpu.so: libtpu.so: cannot open shared object file: No such file or directory
2025-12-21 02:40:58,617 - jax._src.xla_bridge - INFO - Unable to initialize backend 'tpu': INTERNAL: Failed to open libtpu.so: libtpu.so: cannot open shared object file: No such file or directory
2025-12-21 02:40:58,781 - jax._src.xla_bridge - INFO - Unable to initialize backend 'tpu': INTERNAL: Failed to open libtpu.so: libtpu.so: cannot open shared object file: No such file or directory
2025-12-21 02:40:58,981 - jax._src.xla_bridge - INFO - Unable to initialize backend 'tpu': INTERNAL: Failed to open libtpu.so: libtpu.so: cannot open shared object file: No such file or directory
2025-12-21 14:37:36,369 - jax._src.xla_bridge - INFO - Unable to initialize backend 'tpu': INTERNAL: Failed to open libtpu.so: libtpu.so: cannot open shared object file: No such file or directory
2025-12-21 15:05:33,099 - matplotlib.animation - INFO - Animation.save using <class 'matplotlib.animation.FFMpegWriter'>
2025-12-21 15:05:33,100 - matplotlib.animation - INFO - MovieWriter._run: running command: ffmpeg -f rawvideo -vcodec rawvideo -s 640x480 -pix_fmt rgba -framerate 30 -loglevel error -i pipe: -vcodec h264 -pix_fmt yuv420p -y /home/rikut/py_venvs/my_sim_project/results/sim_dof2_20251215_213121/stimuli/ig_emin/dof2_IGL1_Emin.mp4
2025-12-21 15:29:08,673 - matplotlib.animation - INFO - Animation.save using <class 'matplotlib.animation.FFMpegWriter'>
2025-12-21 15:29:08,675 - matplotlib.animation - INFO - MovieWriter._run: running command: ffmpeg -f rawvideo -vcodec rawvideo -s 640x480 -pix_fmt rgba -framerate 30 -loglevel error -i pipe: -vcodec h264 -pix_fmt yuv420p -y /home/rikut/py_venvs/my_sim_project/results/sim_dof2_20251215_213121/stimuli/ig_emin/dof2_IGL2_Emin.mp4
2025-12-21 15:41:10,172 - matplotlib.animation - INFO - Animation.save using <class 'matplotlib.animation.FFMpegWriter'>
2025-12-21 15:41:10,173 - matplotlib.animation - INFO - MovieWriter._run: running command: ffmpeg -f rawvideo -vcodec rawvideo -s 640x480 -pix_fmt rgba -framerate 30 -loglevel error -i pipe: -vcodec h264 -pix_fmt yuv420p -y /home/rikut/py_venvs/my_sim_project/results/sim_dof2_20251215_213121/stimuli/ig_emin/dof2_IGL3_Emin.mp4
2025-12-21 15:53:18,427 - matplotlib.animation - INFO - Animation.save using <class 'matplotlib.animation.FFMpegWriter'>
2025-12-21 15:53:18,428 - matplotlib.animation - INFO - MovieWriter._run: running command: ffmpeg -f rawvideo -vcodec rawvideo -s 640x480 -pix_fmt rgba -framerate 30 -loglevel error -i pipe: -vcodec h264 -pix_fmt yuv420p -y /home/rikut/py_venvs/my_sim_project/results/sim_dof2_20251215_213121/stimuli/ig_emin/dof2_IGL4_Emin.mp4
2025-12-21 16:04:56,134 - matplotlib.animation - INFO - Animation.save using <class 'matplotlib.animation.FFMpegWriter'>
2025-12-21 16:04:56,135 - matplotlib.animation - INFO - MovieWriter._run: running command: ffmpeg -f rawvideo -vcodec rawvideo -s 640x480 -pix_fmt rgba -framerate 30 -loglevel error -i pipe: -vcodec h264 -pix_fmt yuv420p -y /home/rikut/py_venvs/my_sim_project/results/sim_dof2_20251215_213121/stimuli/ig_emin/dof2_IGL5_Emin.mp4
2025-12-21 16:27:25,620 - matplotlib.animation - INFO - Animation.save using <class 'matplotlib.animation.FFMpegWriter'>
2025-12-21 16:27:25,621 - matplotlib.animation - INFO - MovieWriter._run: running command: ffmpeg -f rawvideo -vcodec rawvideo -s 640x480 -pix_fmt rgba -framerate 30 -loglevel error -i pipe: -vcodec h264 -pix_fmt yuv420p -y /home/rikut/py_venvs/my_sim_project/results/sim_dof2_20251215_213121/stimuli/ig_emin/dof2_IGL6_Emin.mp4
2025-12-21 17:34:02,170 - matplotlib.animation - INFO - Animation.save using <class 'matplotlib.animation.FFMpegWriter'>
2025-12-21 17:34:02,172 - matplotlib.animation - INFO - MovieWriter._run: running command: ffmpeg -f rawvideo -vcodec rawvideo -s 640x480 -pix_fmt rgba -framerate 30 -loglevel error -i pipe: -vcodec h264 -pix_fmt yuv420p -y /home/rikut/py_venvs/my_sim_project/results/sim_dof2_20251215_213121/stimuli/ig_emin/dof2_IGL1_Emin.mp4
2025-12-21 18:31:30,757 - matplotlib.animation - INFO - Animation.save using <class 'matplotlib.animation.FFMpegWriter'>
2025-12-21 18:31:30,758 - matplotlib.animation - INFO - MovieWriter._run: running command: ffmpeg -f rawvideo -vcodec rawvideo -s 640x480 -pix_fmt rgba -framerate 30 -loglevel error -i pipe: -vcodec h264 -pix_fmt yuv420p -y /home/rikut/py_venvs/my_sim_project/results/sim_dof2_20251215_213121/stimuli/ig_emin/dof2_IGL1_Emin.mp4
2025-12-21 23:24:32,341 - matplotlib.animation - INFO - Animation.save using <class 'matplotlib.animation.FFMpegWriter'>
2025-12-21 23:24:32,343 - matplotlib.animation - INFO - MovieWriter._run: running command: ffmpeg -f rawvideo -vcodec rawvideo -s 640x480 -pix_fmt rgba -framerate 30 -loglevel error -i pipe: -vcodec h264 -pix_fmt yuv420p -y /home/rikut/py_venvs/my_sim_project/results/sim_dof2_20251215_213121/stimuli/ig_emin/dof2_IGL1_Emin.mp4
2025-12-22 01:20:10,847 - matplotlib.animation - INFO - Animation.save using <class 'matplotlib.animation.FFMpegWriter'>
2025-12-22 01:20:10,850 - matplotlib.animation - INFO - MovieWriter._run: running command: ffmpeg -f rawvideo -vcodec rawvideo -s 640x480 -pix_fmt rgba -framerate 30.0 -loglevel error -i pipe: -vcodec h264 -pix_fmt yuv420p -y /home/rikut/py_venvs/my_sim_project/stimuli_final/sim_dof2_20251220_151004/stimuli/ig_emin/dof2_IGL1_Emin.mp4
2025-12-22 01:20:14,423 - matplotlib.animation - INFO - Animation.save using <class 'matplotlib.animation.FFMpegWriter'>
2025-12-22 01:20:14,424 - matplotlib.animation - INFO - MovieWriter._run: running command: ffmpeg -f rawvideo -vcodec rawvideo -s 640x480 -pix_fmt rgba -framerate 30.0 -loglevel error -i pipe: -vcodec h264 -pix_fmt yuv420p -y /home/rikut/py_venvs/my_sim_project/stimuli_final/sim_dof2_20251220_151004/stimuli/ig_emin/dof2_IGL2_Emin.mp4
2025-12-22 01:20:17,707 - matplotlib.animation - INFO - Animation.save using <class 'matplotlib.animation.FFMpegWriter'>
2025-12-22 01:20:17,708 - matplotlib.animation - INFO - MovieWriter._run: running command: ffmpeg -f rawvideo -vcodec rawvideo -s 640x480 -pix_fmt rgba -framerate 30.0 -loglevel error -i pipe: -vcodec h264 -pix_fmt yuv420p -y /home/rikut/py_venvs/my_sim_project/stimuli_final/sim_dof2_20251220_151004/stimuli/ig_emin/dof2_IGL3_Emin.mp4
2025-12-22 01:20:20,809 - matplotlib.animation - INFO - Animation.save using <class 'matplotlib.animation.FFMpegWriter'>
2025-12-22 01:20:20,810 - matplotlib.animation - INFO - MovieWriter._run: running command: ffmpeg -f rawvideo -vcodec rawvideo -s 640x480 -pix_fmt rgba -framerate 30.0 -loglevel error -i pipe: -vcodec h264 -pix_fmt yuv420p -y /home/rikut/py_venvs/my_sim_project/stimuli_final/sim_dof2_20251220_151004/stimuli/ig_emin/dof2_IGL4_Emin.mp4
2025-12-22 01:20:24,105 - matplotlib.animation - INFO - Animation.save using <class 'matplotlib.animation.FFMpegWriter'>
2025-12-22 01:20:24,106 - matplotlib.animation - INFO - MovieWriter._run: running command: ffmpeg -f rawvideo -vcodec rawvideo -s 640x480 -pix_fmt rgba -framerate 30.0 -loglevel error -i pipe: -vcodec h264 -pix_fmt yuv420p -y /home/rikut/py_venvs/my_sim_project/stimuli_final/sim_dof2_20251220_151004/stimuli/ig_emin/dof2_IGL5_Emin.mp4
2025-12-22 01:20:27,367 - matplotlib.animation - INFO - Animation.save using <class 'matplotlib.animation.FFMpegWriter'>
2025-12-22 01:20:27,368 - matplotlib.animation - INFO - MovieWriter._run: running command: ffmpeg -f rawvideo -vcodec rawvideo -s 640x480 -pix_fmt rgba -framerate 30.0 -loglevel error -i pipe: -vcodec h264 -pix_fmt yuv420p -y /home/rikut/py_venvs/my_sim_project/stimuli_final/sim_dof2_20251220_151004/stimuli/ig_emin/dof2_IGL6_Emin.mp4
2025-12-22 01:26:52,362 - jax._src.xla_bridge - INFO - Unable to initialize backend 'tpu': INTERNAL: Failed to open libtpu.so: libtpu.so: cannot open shared object file: No such file or directory
2025-12-22 01:31:34,208 - matplotlib.animation - INFO - Animation.save using <class 'matplotlib.animation.FFMpegWriter'>
2025-12-22 01:31:34,209 - matplotlib.animation - INFO - MovieWriter._run: running command: ffmpeg -f rawvideo -vcodec rawvideo -s 640x480 -pix_fmt rgba -framerate 30.0 -loglevel error -i pipe: -vcodec h264 -pix_fmt yuv420p -y /home/rikut/py_venvs/my_sim_project/stimuli_final/final_sim_dof3_20251217_021445/stimuli/ig_emin/dof3_IGL1_Emin.mp4
2025-12-22 01:31:37,468 - matplotlib.animation - INFO - Animation.save using <class 'matplotlib.animation.FFMpegWriter'>
2025-12-22 01:31:37,469 - matplotlib.animation - INFO - MovieWriter._run: running command: ffmpeg -f rawvideo -vcodec rawvideo -s 640x480 -pix_fmt rgba -framerate 30.0 -loglevel error -i pipe: -vcodec h264 -pix_fmt yuv420p -y /home/rikut/py_venvs/my_sim_project/stimuli_final/final_sim_dof3_20251217_021445/stimuli/ig_emin/dof3_IGL2_Emin.mp4
2025-12-22 01:31:40,739 - matplotlib.animation - INFO - Animation.save using <class 'matplotlib.animation.FFMpegWriter'>
2025-12-22 01:31:40,741 - matplotlib.animation - INFO - MovieWriter._run: running command: ffmpeg -f rawvideo -vcodec rawvideo -s 640x480 -pix_fmt rgba -framerate 30.0 -loglevel error -i pipe: -vcodec h264 -pix_fmt yuv420p -y /home/rikut/py_venvs/my_sim_project/stimuli_final/final_sim_dof3_20251217_021445/stimuli/ig_emin/dof3_IGL3_Emin.mp4
2025-12-22 01:31:43,867 - matplotlib.animation - INFO - Animation.save using <class 'matplotlib.animation.FFMpegWriter'>
2025-12-22 01:31:43,868 - matplotlib.animation - INFO - MovieWriter._run: running command: ffmpeg -f rawvideo -vcodec rawvideo -s 640x480 -pix_fmt rgba -framerate 30.0 -loglevel error -i pipe: -vcodec h264 -pix_fmt yuv420p -y /home/rikut/py_venvs/my_sim_project/stimuli_final/final_sim_dof3_20251217_021445/stimuli/ig_emin/dof3_IGL4_Emin.mp4
2025-12-22 01:31:47,073 - matplotlib.animation - INFO - Animation.save using <class 'matplotlib.animation.FFMpegWriter'>
2025-12-22 01:31:47,074 - matplotlib.animation - INFO - MovieWriter._run: running command: ffmpeg -f rawvideo -vcodec rawvideo -s 640x480 -pix_fmt rgba -framerate 30.0 -loglevel error -i pipe: -vcodec h264 -pix_fmt yuv420p -y /home/rikut/py_venvs/my_sim_project/stimuli_final/final_sim_dof3_20251217_021445/stimuli/ig_emin/dof3_IGL5_Emin.mp4
2025-12-22 01:31:50,077 - matplotlib.animation - INFO - Animation.save using <class 'matplotlib.animation.FFMpegWriter'>
2025-12-22 01:31:50,079 - matplotlib.animation - INFO - MovieWriter._run: running command: ffmpeg -f rawvideo -vcodec rawvideo -s 640x480 -pix_fmt rgba -framerate 30.0 -loglevel error -i pipe: -vcodec h264 -pix_fmt yuv420p -y /home/rikut/py_venvs/my_sim_project/stimuli_final/final_sim_dof3_20251217_021445/stimuli/ig_emin/dof3_IGL6_Emin.mp4
2025-12-22 02:16:18,265 - jax._src.xla_bridge - INFO - Unable to initialize backend 'tpu': INTERNAL: Failed to open libtpu.so: libtpu.so: cannot open shared object file: No such file or directory
2025-12-22 04:47:28,007 - jax._src.xla_bridge - INFO - Unable to initialize backend 'tpu': INTERNAL: Failed to open libtpu.so: libtpu.so: cannot open shared object file: No such file or directory
2025-12-22 05:01:43,152 - matplotlib.animation - INFO - Animation.save using <class 'matplotlib.animation.FFMpegWriter'>
2025-12-22 05:01:43,154 - matplotlib.animation - INFO - MovieWriter._run: running command: ffmpeg -f rawvideo -vcodec rawvideo -s 640x480 -pix_fmt rgba -framerate 30.0 -loglevel error -i pipe: -vcodec h264 -pix_fmt yuv420p -y /home/rikut/py_venvs/my_sim_project/stimuli_final/final_sim_dof3_20251217_021445/stimuli/practice/vfe_min.mp4
2025-12-22 05:01:46,838 - matplotlib.animation - INFO - Animation.save using <class 'matplotlib.animation.FFMpegWriter'>
2025-12-22 05:01:46,839 - matplotlib.animation - INFO - MovieWriter._run: running command: ffmpeg -f rawvideo -vcodec rawvideo -s 640x480 -pix_fmt rgba -framerate 30.0 -loglevel error -i pipe: -vcodec h264 -pix_fmt yuv420p -y /home/rikut/py_venvs/my_sim_project/stimuli_final/final_sim_dof3_20251217_021445/stimuli/practice/vfe_mid.mp4
2025-12-22 05:01:50,086 - matplotlib.animation - INFO - Animation.save using <class 'matplotlib.animation.FFMpegWriter'>
2025-12-22 05:01:50,087 - matplotlib.animation - INFO - MovieWriter._run: running command: ffmpeg -f rawvideo -vcodec rawvideo -s 640x480 -pix_fmt rgba -framerate 30.0 -loglevel error -i pipe: -vcodec h264 -pix_fmt yuv420p -y /home/rikut/py_venvs/my_sim_project/stimuli_final/final_sim_dof3_20251217_021445/stimuli/practice/vfe_max.mp4
2025-12-22 07:09:30,343 - jax._src.xla_bridge - INFO - Unable to initialize backend 'tpu': INTERNAL: Failed to open libtpu.so: libtpu.so: cannot open shared object file: No such file or directory
2025-12-22 07:09:31,877 - matplotlib.animation - INFO - Animation.save using <class 'matplotlib.animation.HTMLWriter'>
2025-12-22 07:10:36,034 - matplotlib.animation - INFO - Animation.save using <class 'matplotlib.animation.FFMpegWriter'>
2025-12-22 07:10:36,036 - matplotlib.animation - INFO - MovieWriter._run: running command: ffmpeg -f rawvideo -vcodec rawvideo -s 640x480 -pix_fmt rgba -framerate 30 -loglevel error -i pipe: -vcodec h264 -pix_fmt yuv420p -y /home/rikut/py_venvs/my_sim_project/results/sim_dof2_20251220_151004/config/const_beliefs.mp4
